
> lama-dev-next-dashboard@0.1.0 build
> next build

  Γû▓ Next.js 14.2.5
  - Environments: .env.local, .env
  - Experiments (use with caution):
    ┬╖ turbo
    ┬╖ optimizeCss

   Creating an optimized production build ...
 Γ£ô Compiled successfully
   Linting and checking validity of types ...

./src/app/(admin)/admin/attendance/page.tsx
66:6  Warning: React Hook useEffect has a missing dependency: 'fetchAttendanceData'. Either include it or remove the dependency array.  react-hooks/exhaustive-deps

./src/app/(admin)/admin/complaints/page.tsx
136:6  Warning: React Hook useEffect has a missing dependency: 'fetchComplaintsData'. Either include it or remove the dependency array.  react-hooks/exhaustive-deps

./src/app/(admin)/admin/documents/page.tsx
130:6  Warning: React Hook useEffect has missing dependencies: 'fetchAnalytics' and 'fetchDocuments'. Either include them or remove the dependency array.  react-hooks/exhaustive-deps

./src/app/(admin)/admin/exams/page.tsx
121:6  Warning: React Hook useEffect has a missing dependency: 'fetchExams'. Either include it or remove the dependency array.  react-hooks/exhaustive-deps

./src/app/(admin)/admin/gradebook/page.tsx
88:6  Warning: React Hook useEffect has a missing dependency: 'fetchInitialData'. Either include it or remove the dependency array.  react-hooks/exhaustive-deps
95:6  Warning: React Hook useEffect has missing dependencies: 'branches.length' and 'fetchGrades'. Either include them or remove the dependency array.  react-hooks/exhaustive-deps
138:6  Warning: React Hook useEffect has a missing dependency: 'fetchClasses'. Either include it or remove the dependency array.  react-hooks/exhaustive-deps

./src/app/(admin)/admin/homework/page.tsx
203:6  Warning: React Hook useEffect has a missing dependency: 'fetchHomeworkData'. Either include it or remove the dependency array.  react-hooks/exhaustive-deps

./src/app/(admin)/admin/list/attendance/page.tsx
142:6  Warning: React Hook useEffect has a missing dependency: 'fetchAttendanceStatistics'. Either include it or remove the dependency array.  react-hooks/exhaustive-deps

./src/app/(admin)/admin/list/gradebook/page.tsx
238:6  Warning: React Hook useEffect has missing dependencies: 'fetchExamGradebookData' and 'fetchGradebookStatistics'. Either include them or remove the dependency array.  react-hooks/exhaustive-deps

./src/app/(admin)/admin/settings/page.tsx
39:6  Warning: React Hook useEffect has a missing dependency: 'fetchSettings'. Either include it or remove the dependency array.  react-hooks/exhaustive-deps
177:37  Warning: `'` can be escaped with `&apos;`, `&lsquo;`, `&#39;`, `&rsquo;`.  react/no-unescaped-entities

./src/app/(admin)/admin/teacher-assignments/page.tsx
101:6  Warning: React Hook useEffect has missing dependencies: 'fetchAssignments' and 'fetchUnassignedTeachers'. Either include them or remove the dependency array.  react-hooks/exhaustive-deps

./src/app/test-panels/page.tsx
49:55  Warning: `'` can be escaped with `&apos;`, `&lsquo;`, `&#39;`, `&rsquo;`.  react/no-unescaped-entities
62:53  Warning: `'` can be escaped with `&apos;`, `&lsquo;`, `&#39;`, `&rsquo;`.  react/no-unescaped-entities

./src/components/admin/BellTimesManagement.tsx
70:6  Warning: React Hook useEffect has a missing dependency: 'fetchBellTimes'. Either include it or remove the dependency array.  react-hooks/exhaustive-deps

./src/components/admin/TimetableManagementPage.tsx
132:6  Warning: React Hook useEffect has a missing dependency: 'fetchTimetables'. Either include it or remove the dependency array.  react-hooks/exhaustive-deps
136:6  Warning: React Hook useEffect has a missing dependency: 'applyFilters'. Either include it or remove the dependency array.  react-hooks/exhaustive-deps

./src/components/AdminTimetableView.tsx
97:6  Warning: React Hook useEffect has a missing dependency: 'applyFilters'. Either include it or remove the dependency array.  react-hooks/exhaustive-deps

./src/components/AttendanceChartContainer.tsx
36:6  Warning: React Hook useEffect has a missing dependency: 'fetchAttendanceData'. Either include it or remove the dependency array.  react-hooks/exhaustive-deps

./src/components/AttendanceForm.tsx
53:6  Warning: React Hook useEffect has a missing dependency: 'fetchStudents'. Either include it or remove the dependency array.  react-hooks/exhaustive-deps

./src/components/AttendanceHistory.tsx
98:6  Warning: React Hook useEffect has a missing dependency: 'fetchAttendanceData'. Either include it or remove the dependency array.  react-hooks/exhaustive-deps

./src/components/BranchSelector.tsx
36:6  Warning: React Hook useEffect has a missing dependency: 'fetchUserBranches'. Either include it or remove the dependency array.  react-hooks/exhaustive-deps

./src/components/FormModal.tsx
529:8  Warning: React Hook useEffect has unnecessary dependencies: 'setOpen' and 'type'. Either exclude them or remove the dependency array. Outer scope values like 'setOpen' aren't valid dependencies because mutating them doesn't re-render the component.  react-hooks/exhaustive-deps

./src/components/forms/AttendanceForm.tsx
37:6  Warning: React Hook useEffect has a missing dependency: 'fetchStudents'. Either include it or remove the dependency array.  react-hooks/exhaustive-deps

./src/components/forms/ParentForm.tsx
134:6  Warning: React Hook useEffect has a missing dependency: 'isEditing'. Either include it or remove the dependency array.  react-hooks/exhaustive-deps
166:6  Warning: React Hook useEffect has a missing dependency: 'isEditing'. Either include it or remove the dependency array.  react-hooks/exhaustive-deps
243:6  Warning: React Hook useEffect has missing dependencies: 'methods' and 'validateParentId'. Either include them or remove the dependency array.  react-hooks/exhaustive-deps
243:7  Warning: React Hook useEffect has a complex expression in the dependency array. Extract it to a separate variable so it can be statically checked.  react-hooks/exhaustive-deps

./src/components/forms/StudentForm.tsx
138:6  Warning: React Hook useEffect has missing dependencies: 'validateStudentId' and 'watch'. Either include them or remove the dependency array.  react-hooks/exhaustive-deps
138:7  Warning: React Hook useEffect has a complex expression in the dependency array. Extract it to a separate variable so it can be statically checked.  react-hooks/exhaustive-deps
297:97  Warning: `"` can be escaped with `&quot;`, `&ldquo;`, `&#34;`, `&rdquo;`.  react/no-unescaped-entities
297:117  Warning: `"` can be escaped with `&quot;`, `&ldquo;`, `&#34;`, `&rdquo;`.  react/no-unescaped-entities

./src/components/forms/TeacherAssignmentForm.tsx
221:6  Warning: React Hook useEffect has missing dependencies: 'data.branch', 'data.class?.id', 'data.subject?.id', and 'type'. Either include them or remove the dependency array. If 'setAssignments' needs the current value of 'data.class.id', you can also switch to useReducer instead of useState and read 'data.class.id' in the reducer.  react-hooks/exhaustive-deps

./src/components/forms/TeacherForm.tsx
145:6  Warning: React Hook useEffect has missing dependencies: 'validateTeacherId' and 'watch'. Either include them or remove the dependency array.  react-hooks/exhaustive-deps
145:7  Warning: React Hook useEffect has a complex expression in the dependency array. Extract it to a separate variable so it can be statically checked.  react-hooks/exhaustive-deps
342:28  Warning: `"` can be escaped with `&quot;`, `&ldquo;`, `&#34;`, `&rdquo;`.  react/no-unescaped-entities
342:48  Warning: `"` can be escaped with `&quot;`, `&ldquo;`, `&#34;`, `&rdquo;`.  react/no-unescaped-entities

./src/components/forms/UserForm.tsx
190:6  Warning: React Hook useEffect has missing dependencies: 'validateUserId' and 'watch'. Either include them or remove the dependency array.  react-hooks/exhaustive-deps
190:7  Warning: React Hook useEffect has a complex expression in the dependency array. Extract it to a separate variable so it can be statically checked.  react-hooks/exhaustive-deps
190:24  Warning: React Hook useEffect has a complex expression in the dependency array. Extract it to a separate variable so it can be statically checked.  react-hooks/exhaustive-deps

./src/components/GradeInputForm.tsx
53:6  Warning: React Hook useEffect has missing dependencies: 'fetchExistingGrades' and 'fetchStudents'. Either include them or remove the dependency array.  react-hooks/exhaustive-deps

./src/components/ModernTimetableBulkUpload.tsx
417:55  Warning: `"` can be escaped with `&quot;`, `&ldquo;`, `&#34;`, `&rdquo;`.  react/no-unescaped-entities
417:70  Warning: `"` can be escaped with `&quot;`, `&ldquo;`, `&#34;`, `&rdquo;`.  react/no-unescaped-entities

./src/components/ParentAssignForm.tsx
253:35  Warning: `"` can be escaped with `&quot;`, `&ldquo;`, `&#34;`, `&rdquo;`.  react/no-unescaped-entities
253:53  Warning: `"` can be escaped with `&quot;`, `&ldquo;`, `&#34;`, `&rdquo;`.  react/no-unescaped-entities
253:58  Warning: `"` can be escaped with `&quot;`, `&ldquo;`, `&#34;`, `&rdquo;`.  react/no-unescaped-entities
253:81  Warning: `"` can be escaped with `&quot;`, `&ldquo;`, `&#34;`, `&rdquo;`.  react/no-unescaped-entities

./src/components/PasswordResetModal.tsx
36:15  Warning: Using `<img>` could result in slower LCP and higher bandwidth. Consider using `<Image />` from `next/image` to automatically optimize images. This may incur additional usage or cost from your provider. See: https://nextjs.org/docs/messages/no-img-element  @next/next/no-img-element

./src/components/ResetPasswordModal.tsx
128:15  Warning: Using `<img>` could result in slower LCP and higher bandwidth. Consider using `<Image />` from `next/image` to automatically optimize images. This may incur additional usage or cost from your provider. See: https://nextjs.org/docs/messages/no-img-element  @next/next/no-img-element

./src/components/SendMessageModal.tsx
132:15  Warning: Using `<img>` could result in slower LCP and higher bandwidth. Consider using `<Image />` from `next/image` to automatically optimize images. This may incur additional usage or cost from your provider. See: https://nextjs.org/docs/messages/no-img-element  @next/next/no-img-element

./src/components/shared/MealCalendar.tsx
220:72  Warning: `'` can be escaped with `&apos;`, `&lsquo;`, `&#39;`, `&rsquo;`.  react/no-unescaped-entities

./src/components/SmallParentResetPasswordModal.tsx
73:9  Warning: Using `<img>` could result in slower LCP and higher bandwidth. Consider using `<Image />` from `next/image` to automatically optimize images. This may incur additional usage or cost from your provider. See: https://nextjs.org/docs/messages/no-img-element  @next/next/no-img-element
129:15  Warning: Using `<img>` could result in slower LCP and higher bandwidth. Consider using `<Image />` from `next/image` to automatically optimize images. This may incur additional usage or cost from your provider. See: https://nextjs.org/docs/messages/no-img-element  @next/next/no-img-element

./src/components/SmallParentSendMessageModal.tsx
67:9  Warning: Using `<img>` could result in slower LCP and higher bandwidth. Consider using `<Image />` from `next/image` to automatically optimize images. This may incur additional usage or cost from your provider. See: https://nextjs.org/docs/messages/no-img-element  @next/next/no-img-element
141:15  Warning: Using `<img>` could result in slower LCP and higher bandwidth. Consider using `<Image />` from `next/image` to automatically optimize images. This may incur additional usage or cost from your provider. See: https://nextjs.org/docs/messages/no-img-element  @next/next/no-img-element

./src/components/SmallResetPasswordModal.tsx
73:9  Warning: Using `<img>` could result in slower LCP and higher bandwidth. Consider using `<Image />` from `next/image` to automatically optimize images. This may incur additional usage or cost from your provider. See: https://nextjs.org/docs/messages/no-img-element  @next/next/no-img-element
129:15  Warning: Using `<img>` could result in slower LCP and higher bandwidth. Consider using `<Image />` from `next/image` to automatically optimize images. This may incur additional usage or cost from your provider. See: https://nextjs.org/docs/messages/no-img-element  @next/next/no-img-element

./src/components/SmallSendMessageModal.tsx
67:9  Warning: Using `<img>` could result in slower LCP and higher bandwidth. Consider using `<Image />` from `next/image` to automatically optimize images. This may incur additional usage or cost from your provider. See: https://nextjs.org/docs/messages/no-img-element  @next/next/no-img-element
141:15  Warning: Using `<img>` could result in slower LCP and higher bandwidth. Consider using `<Image />` from `next/image` to automatically optimize images. This may incur additional usage or cost from your provider. See: https://nextjs.org/docs/messages/no-img-element  @next/next/no-img-element

./src/components/SmallTeacherResetPasswordModal.tsx
73:9  Warning: Using `<img>` could result in slower LCP and higher bandwidth. Consider using `<Image />` from `next/image` to automatically optimize images. This may incur additional usage or cost from your provider. See: https://nextjs.org/docs/messages/no-img-element  @next/next/no-img-element
129:15  Warning: Using `<img>` could result in slower LCP and higher bandwidth. Consider using `<Image />` from `next/image` to automatically optimize images. This may incur additional usage or cost from your provider. See: https://nextjs.org/docs/messages/no-img-element  @next/next/no-img-element

./src/components/SmallTeacherSendMessageModal.tsx
67:9  Warning: Using `<img>` could result in slower LCP and higher bandwidth. Consider using `<Image />` from `next/image` to automatically optimize images. This may incur additional usage or cost from your provider. See: https://nextjs.org/docs/messages/no-img-element  @next/next/no-img-element
141:15  Warning: Using `<img>` could result in slower LCP and higher bandwidth. Consider using `<Image />` from `next/image` to automatically optimize images. This may incur additional usage or cost from your provider. See: https://nextjs.org/docs/messages/no-img-element  @next/next/no-img-element

./src/components/student/StudentTimetableView.tsx
98:6  Warning: React Hook useEffect has missing dependencies: 'fetchElectiveSelections' and 'fetchStudentTimetables'. Either include them or remove the dependency array.  react-hooks/exhaustive-deps

./src/components/StudentAttendanceAnalytics.tsx
34:6  Warning: React Hook useEffect has a missing dependency: 'fetchAttendanceStats'. Either include it or remove the dependency array.  react-hooks/exhaustive-deps

./src/components/StudentAttendanceCalendar.tsx
19:6  Warning: React Hook useEffect has a missing dependency: 'fetchAttendanceCalendar'. Either include it or remove the dependency array.  react-hooks/exhaustive-deps

./src/components/StudentAttendanceCard.tsx
25:6  Warning: React Hook useEffect has a missing dependency: 'fetchAttendanceStats'. Either include it or remove the dependency array.  react-hooks/exhaustive-deps

./src/components/StudentAttendanceGrid.tsx
44:6  Warning: React Hook useEffect has a missing dependency: 'fetchSubjects'. Either include it or remove the dependency array.  react-hooks/exhaustive-deps
48:6  Warning: React Hook useEffect has a missing dependency: 'fetchAttendanceData'. Either include it or remove the dependency array.  react-hooks/exhaustive-deps

./src/components/StudentAttendanceStats.tsx
24:6  Warning: React Hook useEffect has a missing dependency: 'fetchAttendanceData'. Either include it or remove the dependency array.  react-hooks/exhaustive-deps

./src/components/StudentAttendanceTracker.tsx
27:6  Warning: React Hook useEffect has missing dependencies: 'fetchAttendanceData' and 'fetchSubjects'. Either include them or remove the dependency array.  react-hooks/exhaustive-deps

./src/components/StudentGradebook.tsx
45:6  Warning: React Hook useEffect has a missing dependency: 'fetchSubjects'. Either include it or remove the dependency array.  react-hooks/exhaustive-deps
49:6  Warning: React Hook useEffect has a missing dependency: 'fetchGradeData'. Either include it or remove the dependency array.  react-hooks/exhaustive-deps
256:55  Warning: `"` can be escaped with `&quot;`, `&ldquo;`, `&#34;`, `&rdquo;`.  react/no-unescaped-entities
256:68  Warning: `"` can be escaped with `&quot;`, `&ldquo;`, `&#34;`, `&rdquo;`.  react/no-unescaped-entities

./src/components/StudentGradeGrid.tsx
46:6  Warning: React Hook useEffect has a missing dependency: 'fetchSubjects'. Either include it or remove the dependency array.  react-hooks/exhaustive-deps
50:6  Warning: React Hook useEffect has a missing dependency: 'fetchGradeData'. Either include it or remove the dependency array.  react-hooks/exhaustive-deps

./src/components/StudentGradeStatistics.tsx
39:6  Warning: React Hook useEffect has a missing dependency: 'fetchGrades'. Either include it or remove the dependency array.  react-hooks/exhaustive-deps

./src/components/StudentHomeworkContainer.tsx
122:6  Warning: React Hook useEffect has a missing dependency: 'fetchHomeworkData'. Either include it or remove the dependency array.  react-hooks/exhaustive-deps

./src/components/StudentHomeworkDetail.tsx
61:9  Warning: Using `<img>` could result in slower LCP and higher bandwidth. Consider using `<Image />` from `next/image` to automatically optimize images. This may incur additional usage or cost from your provider. See: https://nextjs.org/docs/messages/no-img-element  @next/next/no-img-element
240:6  Warning: React Hook useEffect has a missing dependency: 'fetchHomeworkDetails'. Either include it or remove the dependency array.  react-hooks/exhaustive-deps

./src/components/StudentHomeworkList.tsx
190:18  Warning: `'` can be escaped with `&apos;`, `&lsquo;`, `&#39;`, `&rsquo;`.  react/no-unescaped-entities

./src/components/StudentHomeworkSubmission.tsx
38:6  Warning: React Hook useEffect has a missing dependency: 'fetchHomeworkDetails'. Either include it or remove the dependency array.  react-hooks/exhaustive-deps

./src/components/StudentLessonTopicModal.tsx
94:16  Warning: Image elements must have an alt prop, either with meaningful text, or an empty string for decorative images.  jsx-a11y/alt-text
217:82  Warning: `'` can be escaped with `&apos;`, `&lsquo;`, `&#39;`, `&rsquo;`.  react/no-unescaped-entities

./src/components/StudentMobileTodayView.tsx
29:6  Warning: React Hook useEffect has a missing dependency: 'fetchDayTimetables'. Either include it or remove the dependency array.  react-hooks/exhaustive-deps

./src/components/StudentNotifications.tsx
43:6  Warning: React Hook useEffect has a missing dependency: 'fetchNotifications'. Either include it or remove the dependency array.  react-hooks/exhaustive-deps
155:45  Warning: `'` can be escaped with `&apos;`, `&lsquo;`, `&#39;`, `&rsquo;`.  react/no-unescaped-entities

./src/components/StudentProgressOverview.tsx
51:6  Warning: React Hook useEffect has a missing dependency: 'fetchProgressData'. Either include it or remove the dependency array.  react-hooks/exhaustive-deps
240:33  Warning: `'` can be escaped with `&apos;`, `&lsquo;`, `&#39;`, `&rsquo;`.  react/no-unescaped-entities
276:29  Warning: `'` can be escaped with `&apos;`, `&lsquo;`, `&#39;`, `&rsquo;`.  react/no-unescaped-entities

./src/components/StudentScheduleDashboard.tsx
73:6  Warning: React Hook useEffect has a missing dependency: 'fetchScheduleData'. Either include it or remove the dependency array.  react-hooks/exhaustive-deps

./src/components/StudentTimetableContainer.tsx
47:6  Warning: React Hook useEffect has a missing dependency: 'fetchTimetableData'. Either include it or remove the dependency array.  react-hooks/exhaustive-deps

./src/components/StudentTodayView.tsx
59:6  Warning: React Hook useEffect has a missing dependency: 'fetchTodayTimetable'. Either include it or remove the dependency array.  react-hooks/exhaustive-deps

./src/components/SupervisorFeatures.tsx
57:6  Warning: React Hook useEffect has a missing dependency: 'fetchClassesData'. Either include it or remove the dependency array.  react-hooks/exhaustive-deps

./src/components/teacher/TeacherTimetableView.tsx
65:6  Warning: React Hook useEffect has a missing dependency: 'fetchTeacherTimetables'. Either include it or remove the dependency array.  react-hooks/exhaustive-deps

./src/components/TeacherAnalytics.tsx
70:6  Warning: React Hook useEffect has a missing dependency: 'fetchAnalytics'. Either include it or remove the dependency array.  react-hooks/exhaustive-deps
357:33  Warning: `'` can be escaped with `&apos;`, `&lsquo;`, `&#39;`, `&rsquo;`.  react/no-unescaped-entities
381:31  Warning: `'` can be escaped with `&apos;`, `&lsquo;`, `&#39;`, `&rsquo;`.  react/no-unescaped-entities

./src/components/TeacherAttendanceGrid.tsx
113:6  Warning: React Hook useEffect has a missing dependency: 'fetchStudents'. Either include it or remove the dependency array.  react-hooks/exhaustive-deps
117:6  Warning: React Hook useEffect has a missing dependency: 'fetchAttendanceData'. Either include it or remove the dependency array.  react-hooks/exhaustive-deps

./src/components/TeacherGradeGrid.tsx
113:6  Warning: React Hook useEffect has a missing dependency: 'fetchStudents'. Either include it or remove the dependency array.  react-hooks/exhaustive-deps
117:6  Warning: React Hook useEffect has a missing dependency: 'fetchGradeData'. Either include it or remove the dependency array.  react-hooks/exhaustive-deps

./src/components/TeacherGradeTracker.tsx
99:6  Warning: React Hook useEffect has a missing dependency: 'fetchGradeData'. Either include it or remove the dependency array.  react-hooks/exhaustive-deps

./src/components/TeacherHomeworkContainer.tsx
150:6  Warning: React Hook useEffect has a missing dependency: 'fetchHomeworkData'. Either include it or remove the dependency array.  react-hooks/exhaustive-deps

./src/components/TeacherHomeworkCreation.tsx
49:6  Warning: React Hook useEffect has a missing dependency: 'fetchHomeworkForEdit'. Either include it or remove the dependency array.  react-hooks/exhaustive-deps

./src/components/TeacherHomeworkGrading.tsx
71:6  Warning: React Hook useEffect has a missing dependency: 'fetchHomeworkSubmissions'. Either include it or remove the dependency array.  react-hooks/exhaustive-deps
377:35  Warning: Using `<img>` could result in slower LCP and higher bandwidth. Consider using `<Image />` from `next/image` to automatically optimize images. This may incur additional usage or cost from your provider. See: https://nextjs.org/docs/messages/no-img-element  @next/next/no-img-element

./src/components/TeacherHomeworkList.tsx
118:9  Warning: Using `<img>` could result in slower LCP and higher bandwidth. Consider using `<Image />` from `next/image` to automatically optimize images. This may incur additional usage or cost from your provider. See: https://nextjs.org/docs/messages/no-img-element  @next/next/no-img-element
498:20  Warning: `'` can be escaped with `&apos;`, `&lsquo;`, `&#39;`, `&rsquo;`.  react/no-unescaped-entities
501:44  Warning: `"` can be escaped with `&quot;`, `&ldquo;`, `&#34;`, `&rdquo;`.  react/no-unescaped-entities
501:60  Warning: `"` can be escaped with `&quot;`, `&ldquo;`, `&#34;`, `&rdquo;`.  react/no-unescaped-entities

./src/components/TeacherHomeworkSubmissions.tsx
29:6  Warning: React Hook useEffect has a missing dependency: 'fetchSubmissions'. Either include it or remove the dependency array.  react-hooks/exhaustive-deps

./src/components/TeacherMonthlyTimetable.tsx
56:6  Warning: React Hook useEffect has a missing dependency: 'fetchMonthlyTimetables'. Either include it or remove the dependency array.  react-hooks/exhaustive-deps

./src/components/TeacherNotifications.tsx
42:6  Warning: React Hook useEffect has a missing dependency: 'fetchNotifications'. Either include it or remove the dependency array.  react-hooks/exhaustive-deps
154:45  Warning: `'` can be escaped with `&apos;`, `&lsquo;`, `&#39;`, `&rsquo;`.  react/no-unescaped-entities

./src/components/TeacherScheduleDashboard.tsx
140:6  Warning: React Hook useEffect has a missing dependency: 'fetchScheduleData'. Either include it or remove the dependency array.  react-hooks/exhaustive-deps

./src/components/TeacherTimetableAnalytics.tsx
48:6  Warning: React Hook useEffect has a missing dependency: 'fetchAnalytics'. Either include it or remove the dependency array.  react-hooks/exhaustive-deps

./src/components/TeacherTimetableCalendar.tsx
62:6  Warning: React Hook useEffect has a missing dependency: 'fetchTimetableData'. Either include it or remove the dependency array.  react-hooks/exhaustive-deps

./src/components/TeacherWeeklyTimetable.tsx
86:6  Warning: React Hook useEffect has a missing dependency: 'fetchTimetables'. Either include it or remove the dependency array.  react-hooks/exhaustive-deps

./src/components/TimetableTopicModal.tsx
36:6  Warning: React Hook useEffect has a missing dependency: 'fetchTopics'. Either include it or remove the dependency array.  react-hooks/exhaustive-deps

./src/components/ui/avatar.tsx
25:3  Warning: Using `<img>` could result in slower LCP and higher bandwidth. Consider using `<Image />` from `next/image` to automatically optimize images. This may incur additional usage or cost from your provider. See: https://nextjs.org/docs/messages/no-img-element  @next/next/no-img-element
25:3  Warning: img elements must have an alt prop, either with meaningful text, or an empty string for decorative images.  jsx-a11y/alt-text

./src/components/UserArchiveButton.tsx
51:15  Warning: Using `<img>` could result in slower LCP and higher bandwidth. Consider using `<Image />` from `next/image` to automatically optimize images. This may incur additional usage or cost from your provider. See: https://nextjs.org/docs/messages/no-img-element  @next/next/no-img-element

./src/hooks/usePrefetch.ts
178:6  Warning: React Hook useCallback has a missing dependency: 'queryClient'. Either include it or remove the dependency array.  react-hooks/exhaustive-deps

info  - Need to disable some ESLint rules? Learn more here: https://nextjs.org/docs/basic-features/eslint#disabling-rules
npm : Failed to compile.
At line:1 char:1
+ npm run build > build_output.txt 2>&1
+ ~~~~~~~~~~~~~~~~~~~~~~~~~~~~~~~~~~~~~
    + CategoryInfo          : NotSpecifi 
   ed: (Failed to compile.:String) [],   
  RemoteException
    + FullyQualifiedErrorId : NativeComm 
   andError
 

.next/types/app/api/student-assignments/r
oute.ts:2:24
Type error: File 'C:/Users/HP/Desktop/ber
uniy-maktab/full-stack-school/src/app/api
/student-assignments/route.ts' is not a 
module.

[0m [90m 1 |[39m [90m// File: C:\User
s\HP\Desktop\beruniy-maktab\full-stack-sc
hool\src\app\api\student-assignments\rout
e.ts[39m[0m
[0m[31m[1m>[22m[39m[90m 2 |[39m 
[36mimport[39m [33m*[39m 
[36mas[39m entry [36mfrom[39m [32m'.
./../../../../src/app/api/student-assignm
ents/route.js'[39m[0m
[0m [90m   |[39m                      
  [31m[1m^[22m[39m[0m
[0m [90m 3 |[39m [36mimport[39m 
type { [33mNextRequest[39m } 
[36mfrom[39m 
[32m'next/server.js'[39m[0m
[0m [90m 4 |[39m[0m
[0m [90m 5 |[39m type 
[33mTEntry[39m [33m=[39m 
[36mtypeof[39m [36mimport[39m([32m'.
./../../../../src/app/api/student-assignm
ents/route.js'[39m)[0m
